// Vitest Snapshot v1, https://vitest.dev/guide/snapshot.html

exports[`renders correctly 1`] = `
<div>
  <div>
    <h1>
      Hello World (Profile)
    </h1>
  </div>
</div>
`;
